<html>
<body>
<pre>
<h1>礦ision Build Log</h1>
<h2>Tool Versions:</h2>
IDE-Version: μVision V5.24.2.0
Copyright (C) 2017 ARM Ltd and ARM Germany GmbH. All rights reserved.
License Information: 908721709@qq.com,  , LIC=SDA0P-MB1FV-LQ50Q-N2ESU-XTR5C-FJ3JJ
 
Tool Versions:
Toolchain:       MDK-ARM Plus  Version: 5.24.1
Toolchain Path:  D:\keil\ARM\ARMCC\Bin
C Compiler:      Armcc.exe V5.06 update 5 (build 528)
Assembler:       Armasm.exe V5.06 update 5 (build 528)
Linker/Locator:  ArmLink.exe V5.06 update 5 (build 528)
Library Manager: ArmAr.exe V5.06 update 5 (build 528)
Hex Converter:   FromElf.exe V5.06 update 5 (build 528)
CPU DLL:         SARMCM3.DLL V5.24.1
Dialog DLL:      DCM.DLL V1.16.0.0
Target DLL:      STLink\ST-LINKIII-KEIL_SWO.dll V3.0.1.0
Dialog DLL:      TCM.DLL V1.32.0.0
 
<h2>Project:</h2>
C:\Users\90872\Desktop\驱动\个人\草履车\由高等生命智慧的操控端\Project.uvprojx
Project File Date:  11/14/2023

<h2>Output:</h2>
*** Using Compiler 'V5.06 update 5 (build 528)', folder: 'D:\keil\ARM\ARMCC\Bin'
Build target 'Target 1'
compiling main.c...
.\Hardware\Rocker.h(7): warning:  #1295-D: Deprecated declaration Rocker_Data - give arg types
  uint8_t Rocker_Data();
.\System\User.h(10): warning:  #1295-D: Deprecated declaration Mode_Init - give arg types
  void Mode_Init();
.\System\User.h(11): warning:  #1295-D: Deprecated declaration Mode_0 - give arg types
  void Mode_0();
.\System\User.h(12): warning:  #1295-D: Deprecated declaration Mode_1 - give arg types
  void Mode_1();
.\System\User.h(13): warning:  #1295-D: Deprecated declaration Mode_2 - give arg types
  void Mode_2();
.\System\User.h(14): warning:  #1295-D: Deprecated declaration Mode_4 - give arg types
  void Mode_4();
.\System\User.h(16): warning:  #1295-D: Deprecated declaration Mode_7 - give arg types
  void Mode_7();
User\main.c: 7 warnings, 0 errors
linking...
Program Size: Code=6792 RO-data=1852 RW-data=13352 ZI-data=1632  
".\Objects\Project.axf" - 0 Error(s), 7 Warning(s).

<h2>Software Packages used:</h2>

Package Vendor: Keil
                http://www.keil.com/pack/Keil.STM32F1xx_DFP.2.2.0.pack
                Keil.STM32F1xx_DFP.2.2.0
                STMicroelectronics STM32F1 Series Device Support, Drivers and Examples

<h2>Collection of Component include folders:</h2>
  .\RTE\_Target_1
  D:\keil\ARM\PACK\Keil\STM32F1xx_DFP\2.2.0\Device\Include

<h2>Collection of Component Files used:</h2>
Build Time Elapsed:  00:00:01
</pre>
</body>
</html>
